replayed 100 seconds 1.15
replayed 200 seconds 2.09
replayed 300 seconds 3.01
replayed 400 seconds 3.93
replayed 500 seconds 4.76
replayed 600 seconds 5.69
{
  "scope": "root-boundary candidate eliminations only",
  "u": 3,
  "v": 4,
  "m": 2,
  "branch": "W",
  "N": 92,
  "root": 0,
  "status": "PASS",
  "initial_boundary_candidates": 1554,
  "certified_eliminated_supported_tiles": 650,
  "boundary_candidates_not_banned_after_replay": 644,
  "original_sidewise_relaxation_still_feasible": true,
  "W92_tiling_or_nonexistence_proved": false,
  "full_problem_solved": false,
  "seconds": 6.106788490000099
}
replayed 100 seconds 1.07
replayed 200 seconds 2.09
replayed 300 seconds 3.1
replayed 400 seconds 3.88
replayed 500 seconds 4.79
replayed 600 seconds 5.81
{
  "scope": "root-boundary candidate eliminations only",
  "u": 3,
  "v": 4,
  "m": 2,
  "branch": "W",
  "N": 92,
  "root": 1,
  "status": "PASS",
  "initial_boundary_candidates": 1554,
  "certified_eliminated_supported_tiles": 650,
  "boundary_candidates_not_banned_after_replay": 644,
  "original_sidewise_relaxation_still_feasible": true,
  "W92_tiling_or_nonexistence_proved": false,
  "full_problem_solved": false,
  "seconds": 6.244124400000032
}

COMPLETED SUBCHECKS PASS. W92 and N92 remain UNDECIDED.
